[
  {
    "edition": 7,
    "isRequired": true,
    "isbn": "9781260444056",
    "title": "GENETICS : FROM GENES TO GENOMES (LOOSE-LEAF)",
    "author": "HARTWELL"
  },
  {
    "isRequired": true,
    "isbn": "9781319149581",
    "title": "I - CLICKER 2",
    "author": "HOLTZBRINCK"
  }
]
