{"subj_area_cd":"COM SCI","search_by":"Subject","term_cd":"20F","ActiveEnrollmentFlag":"n","HasData":"False"}
